{
    "backend": "wood_simulator",
    "id": "tests_cx",
    "result": [{
            "data": {
                "quantum_states": [{
                        "destabilizers": [{
                                "X": [0],
                                "Z": [1],
                                "phase": 0
                            }, {
                                "X": [2],
                                "Z": [0],
                                "phase": 0
                            }],
                        "stabilizers": [{
                                "X": [3],
                                "Z": [0],
                                "phase": 0
                            }, {
                                "X": [0],
                                "Z": [3],
                                "phase": 0
                            }]
                    }],
                "time_taken": 0.000152
            },
            "name": "h0cx01",
            "seed": 1,
            "shots": 1,
            "status": "DONE",
            "success": true
        }, {
            "data": {
                "quantum_states": [{
                        "destabilizers": [{
                                "X": [0],
                                "Z": [3],
                                "phase": 0
                            }, {
                                "X": [3],
                                "Z": [0],
                                "phase": 0
                            }],
                        "stabilizers": [{
                                "X": [1],
                                "Z": [0],
                                "phase": 0
                            }, {
                                "X": [0],
                                "Z": [2],
                                "phase": 0
                            }]
                    }],
                "time_taken": 3.4e-05
            },
            "name": "h0cx10",
            "seed": 1,
            "shots": 1,
            "status": "DONE",
            "success": true
        }, {
            "data": {
                "quantum_states": [{
                        "destabilizers": [{
                                "X": [3],
                                "Z": [0],
                                "phase": 0
                            }, {
                                "X": [0],
                                "Z": [3],
                                "phase": 0
                            }],
                        "stabilizers": [{
                                "X": [0],
                                "Z": [1],
                                "phase": 0
                            }, {
                                "X": [2],
                                "Z": [0],
                                "phase": 0
                            }]
                    }],
                "time_taken": 3.5e-05
            },
            "name": "h1cx01",
            "seed": 1,
            "shots": 1,
            "status": "DONE",
            "success": true
        }, {
            "data": {
                "quantum_states": [{
                        "destabilizers": [{
                                "X": [1],
                                "Z": [0],
                                "phase": 0
                            }, {
                                "X": [0],
                                "Z": [2],
                                "phase": 0
                            }],
                        "stabilizers": [{
                                "X": [0],
                                "Z": [3],
                                "phase": 0
                            }, {
                                "X": [3],
                                "Z": [0],
                                "phase": 0
                            }]
                    }],
                "time_taken": 3.3e-05
            },
            "name": "h1cx10",
            "seed": 1,
            "shots": 1,
            "status": "DONE",
            "success": true
        }],
    "simulator": "clifford",
    "status": "COMPLETED",
    "success": true,
    "time_taken": 0.00031
}
