{
    "backend": "local_clifford_simulator",
    "id": "test_save_command",
    "result": [{
            "data": {
                "saved_quantum_states": [{
                        "0": {
                            "destabilizers": [{
                                    "X": [1],
                                    "Z": [0],
                                    "phase": 0
                                }, {
                                    "X": [2],
                                    "Z": [0],
                                    "phase": 0
                                }, {
                                    "X": [4],
                                    "Z": [0],
                                    "phase": 0
                                }],
                            "stabilizers": [{
                                    "X": [0],
                                    "Z": [1],
                                    "phase": 0
                                }, {
                                    "X": [0],
                                    "Z": [2],
                                    "phase": 0
                                }, {
                                    "X": [0],
                                    "Z": [4],
                                    "phase": 0
                                }]
                        },
                        "1": {
                            "destabilizers": [{
                                    "X": [0],
                                    "Z": [1],
                                    "phase": 0
                                }, {
                                    "X": [2],
                                    "Z": [0],
                                    "phase": 0
                                }, {
                                    "X": [4],
                                    "Z": [0],
                                    "phase": 0
                                }],
                            "stabilizers": [{
                                    "X": [1],
                                    "Z": [0],
                                    "phase": 0
                                }, {
                                    "X": [0],
                                    "Z": [2],
                                    "phase": 0
                                }, {
                                    "X": [0],
                                    "Z": [4],
                                    "phase": 0
                                }]
                        },
                        "2": {
                            "destabilizers": [{
                                    "X": [0],
                                    "Z": [1],
                                    "phase": 0
                                }, {
                                    "X": [2],
                                    "Z": [0],
                                    "phase": 0
                                }, {
                                    "X": [4],
                                    "Z": [0],
                                    "phase": 0
                                }],
                            "stabilizers": [{
                                    "X": [3],
                                    "Z": [0],
                                    "phase": 0
                                }, {
                                    "X": [0],
                                    "Z": [3],
                                    "phase": 0
                                }, {
                                    "X": [0],
                                    "Z": [4],
                                    "phase": 0
                                }]
                        },
                        "3": {
                            "destabilizers": [{
                                    "X": [0],
                                    "Z": [1],
                                    "phase": 0
                                }, {
                                    "X": [6],
                                    "Z": [0],
                                    "phase": 0
                                }, {
                                    "X": [4],
                                    "Z": [0],
                                    "phase": 0
                                }],
                            "stabilizers": [{
                                    "X": [7],
                                    "Z": [0],
                                    "phase": 0
                                }, {
                                    "X": [0],
                                    "Z": [3],
                                    "phase": 0
                                }, {
                                    "X": [0],
                                    "Z": [6],
                                    "phase": 0
                                }]
                        }
                    }],
                "time_taken": 0.000374
            },
            "name": "save_command",
            "seed": 1,
            "shots": 1,
            "status": "DONE",
            "success": true
        }],
    "simulator": "clifford",
    "status": "COMPLETED",
    "success": true,
    "time_taken": 0.00048
}
