{
    "backend": "local_qiskit_simulator",
    "id": "tests_cx",
    "result": [{
            "data": {
                "quantum_states": [[[0.707106781186548, 0.0], [0.0, 0.0], [0.0, 0.0], [0.707106781186547, 0.0]]],
                "time_taken": 0.000189
            },
            "name": "h0cx01",
            "seed": 1,
            "shots": 1,
            "status": "DONE",
            "success": true
        }, {
            "data": {
                "quantum_states": [[[0.707106781186548, 0.0], [0.707106781186547, 0.0], [0.0, 0.0], [0.0, 0.0]]],
                "time_taken": 7.5e-05
            },
            "name": "h0cx10",
            "seed": 1,
            "shots": 1,
            "status": "DONE",
            "success": true
        }, {
            "data": {
                "quantum_states": [[[0.707106781186548, 0.0], [0.0, 0.0], [0.707106781186547, 0.0], [0.0, 0.0]]],
                "time_taken": 6.4e-05
            },
            "name": "h1cx01",
            "seed": 1,
            "shots": 1,
            "status": "DONE",
            "success": true
        }, {
            "data": {
                "quantum_states": [[[0.707106781186548, 0.0], [0.0, 0.0], [0.0, 0.0], [0.707106781186547, 0.0]]],
                "time_taken": 6.5e-05
            },
            "name": "h1cx10",
            "seed": 1,
            "shots": 1,
            "status": "DONE",
            "success": true
        }],
    "simulator": "ideal",
    "status": "COMPLETED",
    "success": true,
    "time_taken": 0.000467
}
