{
    "backend": "local_qiskit_simulator",
    "id": "test_reset_error",
    "result": [{
            "data": {
                "probabilities": [1.0, 0.0],
                "time_taken": 0.000466
            },
            "name": "reset_in0_out0",
            "noise_params": null,
            "seed": 1,
            "shots": 100,
            "status": "DONE",
            "success": true,
            "threads_shot": 4
        }, {
            "data": {
                "probabilities": [1.0, 0.0],
                "time_taken": 0.000237
            },
            "name": "reset_in1_out0",
            "noise_params": null,
            "seed": 1,
            "shots": 100,
            "status": "DONE",
            "success": true,
            "threads_shot": 4
        }, {
            "data": {
                "probabilities": [0.0, 1.0],
                "time_taken": 0.000299
            },
            "name": "reset_in0_out1",
            "noise_params": {
                "reset_error": [0.0, 1.0]
            },
            "seed": 1,
            "shots": 100,
            "status": "DONE",
            "success": true,
            "threads_shot": 4
        }, {
            "data": {
                "probabilities": [0.0, 1.0],
                "time_taken": 0.000259
            },
            "name": "reset_in1_out1",
            "noise_params": {
                "reset_error": [0.0, 1.0]
            },
            "seed": 1,
            "shots": 100,
            "status": "DONE",
            "success": true,
            "threads_shot": 4
        }],
    "simulator": "qubit",
    "status": "COMPLETED",
    "success": true,
    "time_taken": 0.001309
}
