{
    "backend": "",
    "cpp_simulator_kernel": "qasm_simulator_cpp",
    "id": "test_save_load",
    "result": [{
        "data": {
            "snapshots": {
                "0": {
                    "quantum_state": [[[1.0, 0.0], [0.0, 0.0]]]
                },
                "1": {
                    "quantum_state": [[[1.0, 0.0], [0.0, 0.0]]]
                },
                "10": {
                    "quantum_state": [[[0.7071067811865476, 0.0], [0.7071067811865475, 0.0]]]
                },
                "11": {
                    "quantum_state": [[[0.7071067811865476, 0.0], [0.7071067811865475, 0.0]]]
                }
            },
            "time_taken": 0.000248
        },
        "name": "save_command",
        "seed": 1,
        "shots": 1,
        "status": "DONE",
        "success": true
    }],
    "status": "COMPLETED",
    "success": true,
    "time_taken": 0.000272
}
