{
    "backend": "local_qasm_simulator_cpp",
    "cpp_simulator_kernel": "qasm_simulator_cpp",
    "id": "test_two_qubit_gates",
    "result": [{
        "data": {
            "snapshots": {
                "0": {
                    "quantum_state": [[[0.7071067811865476, 0.0], [0.0, 0.0], [0.0, 0.0], [0.7071067811865475, 0.0]]]
                }
            },
            "time_taken": 0.00021500000000000002
        },
        "name": "h0 CX01",
        "seed": 1,
        "shots": 1,
        "status": "DONE",
        "success": true
    }, {
        "data": {
            "snapshots": {
                "0": {
                    "quantum_state": [[[0.7071067811865476, 0.0], [0.7071067811865475, 0.0], [0.0, 0.0], [0.0, 0.0]]]
                }
            },
            "time_taken": 2.3e-05
        },
        "name": "h0 CX10",
        "seed": 1,
        "shots": 1,
        "status": "DONE",
        "success": true
    }, {
        "data": {
            "snapshots": {
                "0": {
                    "quantum_state": [[[0.7071067811865476, 0.0], [0.0, 0.0], [0.7071067811865475, 0.0], [0.0, 0.0]]]
                }
            },
            "time_taken": 1.9e-05
        },
        "name": "h1 CX01",
        "seed": 1,
        "shots": 1,
        "status": "DONE",
        "success": true
    }, {
        "data": {
            "snapshots": {
                "0": {
                    "quantum_state": [[[0.7071067811865476, 0.0], [0.0, 0.0], [0.0, 0.0], [0.7071067811865475, 0.0]]]
                }
            },
            "time_taken": 1.9e-05
        },
        "name": "h1 CX10",
        "seed": 1,
        "shots": 1,
        "status": "DONE",
        "success": true
    }, {
        "data": {
            "snapshots": {
                "0": {
                    "quantum_state": [[[0.7071067811865476, 0.0], [0.0, 0.0], [0.0, 0.0], [0.7071067811865475, 0.0]]]
                }
            },
            "time_taken": 1.8e-05
        },
        "name": "h0 cx01",
        "seed": 1,
        "shots": 1,
        "status": "DONE",
        "success": true
    }, {
        "data": {
            "snapshots": {
                "0": {
                    "quantum_state": [[[0.7071067811865476, 0.0], [0.7071067811865475, 0.0], [0.0, 0.0], [0.0, 0.0]]]
                }
            },
            "time_taken": 1.7e-05
        },
        "name": "h0 cx10",
        "seed": 1,
        "shots": 1,
        "status": "DONE",
        "success": true
    }, {
        "data": {
            "snapshots": {
                "0": {
                    "quantum_state": [[[0.7071067811865476, 0.0], [0.0, 0.0], [0.7071067811865475, 0.0], [0.0, 0.0]]]
                }
            },
            "time_taken": 1.8e-05
        },
        "name": "h1 cx01",
        "seed": 1,
        "shots": 1,
        "status": "DONE",
        "success": true
    }, {
        "data": {
            "snapshots": {
                "0": {
                    "quantum_state": [[[0.7071067811865476, 0.0], [0.0, 0.0], [0.0, 0.0], [0.7071067811865475, 0.0]]]
                }
            },
            "time_taken": 1.8e-05
        },
        "name": "h1 cx10",
        "seed": 1,
        "shots": 1,
        "status": "DONE",
        "success": true
    }, {
        "data": {
            "snapshots": {
                "0": {
                    "quantum_state": [[[0.7071067811865476, 0.0], [0.7071067811865475, 0.0], [0.0, 0.0], [0.0, 0.0]]]
                }
            },
            "time_taken": 2.1000000000000002e-05
        },
        "name": "h0 cz01",
        "seed": 1,
        "shots": 1,
        "status": "DONE",
        "success": true
    }, {
        "data": {
            "snapshots": {
                "0": {
                    "quantum_state": [[[0.7071067811865476, 0.0], [0.7071067811865475, 0.0], [0.0, 0.0], [0.0, 0.0]]]
                }
            },
            "time_taken": 1.8e-05
        },
        "name": "h0 cz10",
        "seed": 1,
        "shots": 1,
        "status": "DONE",
        "success": true
    }, {
        "data": {
            "snapshots": {
                "0": {
                    "quantum_state": [[[0.7071067811865476, 0.0], [0.0, 0.0], [0.7071067811865475, 0.0], [0.0, 0.0]]]
                }
            },
            "time_taken": 1.8e-05
        },
        "name": "h1 cz01",
        "seed": 1,
        "shots": 1,
        "status": "DONE",
        "success": true
    }, {
        "data": {
            "snapshots": {
                "0": {
                    "quantum_state": [[[0.7071067811865476, 0.0], [0.0, 0.0], [0.7071067811865475, 0.0], [0.0, 0.0]]]
                }
            },
            "time_taken": 2.1000000000000002e-05
        },
        "name": "h1 cz10",
        "seed": 1,
        "shots": 1,
        "status": "DONE",
        "success": true
    }, {
        "data": {
            "snapshots": {
                "0": {
                    "quantum_state": [[[0.5000000000000001, 0.0], [0.5, 0.0], [0.5, 0.0], [-0.4999999999999999, 0.0]]]
                }
            },
            "time_taken": 1.9e-05
        },
        "name": "h0 h1 cz01",
        "seed": 1,
        "shots": 1,
        "status": "DONE",
        "success": true
    }, {
        "data": {
            "snapshots": {
                "0": {
                    "quantum_state": [[[0.5000000000000001, 0.0], [0.5, 0.0], [0.5, 0.0], [-0.4999999999999999, 0.0]]]
                }
            },
            "time_taken": 1.9e-05
        },
        "name": "h0 h1 cz10",
        "seed": 1,
        "shots": 1,
        "status": "DONE",
        "success": true
    }, {
        "data": {
            "snapshots": {
                "0": {
                    "quantum_state": [[[0.7071067811865476, 0.0], [4.329780281177466e-17, 0.7071067811865475], [0.0, 0.0], [0.0, 0.0]]]
                }
            },
            "time_taken": 3e-05
        },
        "name": "h0 rzz01",
        "seed": 1,
        "shots": 1,
        "status": "DONE",
        "success": true
    }, {
        "data": {
            "snapshots": {
                "0": {
                    "quantum_state": [[[0.7071067811865476, 0.0], [4.329780281177466e-17, 0.7071067811865475], [0.0, 0.0], [0.0, 0.0]]]
                }
            },
            "time_taken": 1.9e-05
        },
        "name": "h0 rzz10",
        "seed": 1,
        "shots": 1,
        "status": "DONE",
        "success": true
    }, {
        "data": {
            "snapshots": {
                "0": {
                    "quantum_state": [[[0.7071067811865476, 0.0], [0.0, 0.0], [4.329780281177466e-17, 0.7071067811865475], [0.0, 0.0]]]
                }
            },
            "time_taken": 1.8e-05
        },
        "name": "h1 rzz01",
        "seed": 1,
        "shots": 1,
        "status": "DONE",
        "success": true
    }, {
        "data": {
            "snapshots": {
                "0": {
                    "quantum_state": [[[0.7071067811865476, 0.0], [0.0, 0.0], [4.329780281177466e-17, 0.7071067811865475], [0.0, 0.0]]]
                }
            },
            "time_taken": 1.8e-05
        },
        "name": "h1 rzz10",
        "seed": 1,
        "shots": 1,
        "status": "DONE",
        "success": true
    }, {
        "data": {
            "snapshots": {
                "0": {
                    "quantum_state": [[[0.5000000000000001, 0.0], [3.061616997868383e-17, 0.5], [3.061616997868383e-17, 0.5], [0.4999999999999999, 0.0]]]
                }
            },
            "time_taken": 1.9e-05
        },
        "name": "h0 h1 rzz01",
        "seed": 1,
        "shots": 1,
        "status": "DONE",
        "success": true
    }, {
        "data": {
            "snapshots": {
                "0": {
                    "quantum_state": [[[0.5000000000000001, 0.0], [3.061616997868383e-17, 0.5], [3.061616997868383e-17, 0.5], [0.4999999999999999, 0.0]]]
                }
            },
            "time_taken": 2.3e-05
        },
        "name": "h0 h1 rzz10",
        "seed": 1,
        "shots": 1,
        "status": "DONE",
        "success": true
    }],
    "status": "COMPLETED",
    "success": true,
    "time_taken": 0.000746
}
