{
    "backend": "local_qasm_simulator_cpp",
    "cpp_simulator_kernel": "qasm_simulator_cpp",
    "id": "test_qasm_single_qubit_gates",
    "result": [{
        "data": {
            "snapshots": {
                "0": {
                    "quantum_state": [[[1.0, 0.0], [0.0, 0.0]]]
                }
            },
            "time_taken": 0.00021
        },
        "name": "#snapshot",
        "seed": 1,
        "shots": 1,
        "status": "DONE",
        "success": true
    }, {
        "data": {
            "snapshots": {
                "0": {
                    "quantum_state": [[[1.0, 0.0], [0.0, 0.0]]]
                }
            },
            "time_taken": 2.8000000000000003e-05
        },
        "name": "id(U)",
        "seed": 1,
        "shots": 1,
        "status": "DONE",
        "success": true
    }, {
        "data": {
            "snapshots": {
                "0": {
                    "quantum_state": [[[1.0, 0.0], [0.0, 0.0]]]
                }
            },
            "time_taken": 2.1000000000000002e-05
        },
        "name": "id(u3)",
        "seed": 1,
        "shots": 1,
        "status": "DONE",
        "success": true
    }, {
        "data": {
            "snapshots": {
                "0": {
                    "quantum_state": [[[1.0, 0.0], [0.0, 0.0]]]
                }
            },
            "time_taken": 1.7e-05
        },
        "name": "id(u1)",
        "seed": 1,
        "shots": 1,
        "status": "DONE",
        "success": true
    }, {
        "data": {
            "snapshots": {
                "0": {
                    "quantum_state": [[[1.6155445744325867e-15, 0.0], [1.0, 0.0]]]
                }
            },
            "time_taken": 1.8e-05
        },
        "name": "x(U)",
        "seed": 1,
        "shots": 1,
        "status": "DONE",
        "success": true
    }, {
        "data": {
            "snapshots": {
                "0": {
                    "quantum_state": [[[1.6155445744325867e-15, 0.0], [1.0, 0.0]]]
                }
            },
            "time_taken": 1.7e-05
        },
        "name": "x(u3)",
        "seed": 1,
        "shots": 1,
        "status": "DONE",
        "success": true
    }, {
        "data": {
            "snapshots": {
                "0": {
                    "quantum_state": [[[0.0, 0.0], [1.0, 0.0]]]
                }
            },
            "time_taken": 1.9e-05
        },
        "name": "x(direct)",
        "seed": 1,
        "shots": 1,
        "status": "DONE",
        "success": true
    }, {
        "data": {
            "snapshots": {
                "0": {
                    "quantum_state": [[[1.6155445744325867e-15, 0.0], [6.123233995736766e-17, 1.0]]]
                }
            },
            "time_taken": 1.7e-05
        },
        "name": "y(U)",
        "seed": 1,
        "shots": 1,
        "status": "DONE",
        "success": true
    }, {
        "data": {
            "snapshots": {
                "0": {
                    "quantum_state": [[[1.6155445744325867e-15, 0.0], [6.123233995736766e-17, 1.0]]]
                }
            },
            "time_taken": 1.6000000000000003e-05
        },
        "name": "y(u3)",
        "seed": 1,
        "shots": 1,
        "status": "DONE",
        "success": true
    }, {
        "data": {
            "snapshots": {
                "0": {
                    "quantum_state": [[[0.0, 0.0], [0.0, 1.0]]]
                }
            },
            "time_taken": 1.6000000000000003e-05
        },
        "name": "y(direct)",
        "seed": 1,
        "shots": 1,
        "status": "DONE",
        "success": true
    }, {
        "data": {
            "snapshots": {
                "0": {
                    "quantum_state": [[[0.7071067811865476, 0.0], [0.7071067811865475, 0.0]]]
                }
            },
            "time_taken": 1.7e-05
        },
        "name": "h(U)",
        "seed": 1,
        "shots": 1,
        "status": "DONE",
        "success": true
    }, {
        "data": {
            "snapshots": {
                "0": {
                    "quantum_state": [[[0.7071067811865476, 0.0], [0.7071067811865475, 0.0]]]
                }
            },
            "time_taken": 1.6000000000000003e-05
        },
        "name": "h(u3)",
        "seed": 1,
        "shots": 1,
        "status": "DONE",
        "success": true
    }, {
        "data": {
            "snapshots": {
                "0": {
                    "quantum_state": [[[0.7071067811865476, 0.0], [0.7071067811865475, 0.0]]]
                }
            },
            "time_taken": 1.6000000000000003e-05
        },
        "name": "h(u2)",
        "seed": 1,
        "shots": 1,
        "status": "DONE",
        "success": true
    }, {
        "data": {
            "snapshots": {
                "0": {
                    "quantum_state": [[[0.7071067811865476, 0.0], [0.7071067811865475, 0.0]]]
                }
            },
            "time_taken": 1.6000000000000003e-05
        },
        "name": "h(direct)",
        "seed": 1,
        "shots": 1,
        "status": "DONE",
        "success": true
    }, {
        "data": {
            "snapshots": {
                "0": {
                    "quantum_state": [[[0.7071067811865476, 0.0], [-0.7071067811865475, 8.659560562354932e-17]]]
                }
            },
            "time_taken": 1.8e-05
        },
        "name": "h(direct) z(U)",
        "seed": 1,
        "shots": 1,
        "status": "DONE",
        "success": true
    }, {
        "data": {
            "snapshots": {
                "0": {
                    "quantum_state": [[[0.7071067811865476, 0.0], [-0.7071067811865475, 8.659560562354932e-17]]]
                }
            },
            "time_taken": 1.7e-05
        },
        "name": "h(direct) z(u3)",
        "seed": 1,
        "shots": 1,
        "status": "DONE",
        "success": true
    }, {
        "data": {
            "snapshots": {
                "0": {
                    "quantum_state": [[[0.7071067811865476, 0.0], [-0.7071067811865475, 8.659560562354932e-17]]]
                }
            },
            "time_taken": 1.8e-05
        },
        "name": "h(direct) z(u1)",
        "seed": 1,
        "shots": 1,
        "status": "DONE",
        "success": true
    }, {
        "data": {
            "snapshots": {
                "0": {
                    "quantum_state": [[[0.7071067811865476, 0.0], [-0.7071067811865475, 0.0]]]
                }
            },
            "time_taken": 1.7e-05
        },
        "name": "h(direct) z(direct)",
        "seed": 1,
        "shots": 1,
        "status": "DONE",
        "success": true
    }, {
        "data": {
            "snapshots": {
                "0": {
                    "quantum_state": [[[0.7071067811865476, 0.0], [4.329780281177466e-17, 0.7071067811865475]]]
                }
            },
            "time_taken": 1.7e-05
        },
        "name": "h(direct) s(U)",
        "seed": 1,
        "shots": 1,
        "status": "DONE",
        "success": true
    }, {
        "data": {
            "snapshots": {
                "0": {
                    "quantum_state": [[[0.7071067811865476, 0.0], [4.329780281177466e-17, 0.7071067811865475]]]
                }
            },
            "time_taken": 1.7e-05
        },
        "name": "h(direct) s(u3)",
        "seed": 1,
        "shots": 1,
        "status": "DONE",
        "success": true
    }, {
        "data": {
            "snapshots": {
                "0": {
                    "quantum_state": [[[0.7071067811865476, 0.0], [4.329780281177466e-17, 0.7071067811865475]]]
                }
            },
            "time_taken": 1.7e-05
        },
        "name": "h(direct) s(u1)",
        "seed": 1,
        "shots": 1,
        "status": "DONE",
        "success": true
    }, {
        "data": {
            "snapshots": {
                "0": {
                    "quantum_state": [[[0.7071067811865476, 0.0], [0.0, 0.7071067811865475]]]
                }
            },
            "time_taken": 1.7e-05
        },
        "name": "h(direct) s(direct)",
        "seed": 1,
        "shots": 1,
        "status": "DONE",
        "success": true
    }, {
        "data": {
            "snapshots": {
                "0": {
                    "quantum_state": [[[0.7071067811865476, 0.0], [4.329780281177466e-17, -0.7071067811865475]]]
                }
            },
            "time_taken": 1.9e-05
        },
        "name": "h(direct) sdg(U)",
        "seed": 1,
        "shots": 1,
        "status": "DONE",
        "success": true
    }, {
        "data": {
            "snapshots": {
                "0": {
                    "quantum_state": [[[0.7071067811865476, 0.0], [4.329780281177466e-17, -0.7071067811865475]]]
                }
            },
            "time_taken": 1.7e-05
        },
        "name": "h(direct) sdg(u3)",
        "seed": 1,
        "shots": 1,
        "status": "DONE",
        "success": true
    }, {
        "data": {
            "snapshots": {
                "0": {
                    "quantum_state": [[[0.7071067811865476, 0.0], [4.329780281177466e-17, -0.7071067811865475]]]
                }
            },
            "time_taken": 1.7e-05
        },
        "name": "h(direct) sdg(u1)",
        "seed": 1,
        "shots": 1,
        "status": "DONE",
        "success": true
    }, {
        "data": {
            "snapshots": {
                "0": {
                    "quantum_state": [[[0.7071067811865476, 0.0], [0.0, -0.7071067811865475]]]
                }
            },
            "time_taken": 1.7e-05
        },
        "name": "h(direct) sdg(direct)",
        "seed": 1,
        "shots": 1,
        "status": "DONE",
        "success": true
    }, {
        "data": {
            "snapshots": {
                "0": {
                    "quantum_state": [[[0.7071067811865476, 0.0], [0.5, 0.4999999999999999]]]
                }
            },
            "time_taken": 1.8e-05
        },
        "name": "h(direct) t(U)",
        "seed": 1,
        "shots": 1,
        "status": "DONE",
        "success": true
    }, {
        "data": {
            "snapshots": {
                "0": {
                    "quantum_state": [[[0.7071067811865476, 0.0], [0.5, 0.4999999999999999]]]
                }
            },
            "time_taken": 1.7e-05
        },
        "name": "h(direct) t(u3)",
        "seed": 1,
        "shots": 1,
        "status": "DONE",
        "success": true
    }, {
        "data": {
            "snapshots": {
                "0": {
                    "quantum_state": [[[0.7071067811865476, 0.0], [0.5, 0.4999999999999999]]]
                }
            },
            "time_taken": 1.8e-05
        },
        "name": "h(direct) t(u1)",
        "seed": 1,
        "shots": 1,
        "status": "DONE",
        "success": true
    }, {
        "data": {
            "snapshots": {
                "0": {
                    "quantum_state": [[[0.7071067811865476, 0.0], [0.4999999999999999, 0.4999999999999999]]]
                }
            },
            "time_taken": 1.7e-05
        },
        "name": "h(direct) t(direct)",
        "seed": 1,
        "shots": 1,
        "status": "DONE",
        "success": true
    }, {
        "data": {
            "snapshots": {
                "0": {
                    "quantum_state": [[[0.7071067811865476, 0.0], [0.5, -0.4999999999999999]]]
                }
            },
            "time_taken": 1.8e-05
        },
        "name": "h(direct) tdg(U)",
        "seed": 1,
        "shots": 1,
        "status": "DONE",
        "success": true
    }, {
        "data": {
            "snapshots": {
                "0": {
                    "quantum_state": [[[0.7071067811865476, 0.0], [0.5, -0.4999999999999999]]]
                }
            },
            "time_taken": 1.7e-05
        },
        "name": "h(direct) tdg(u3)",
        "seed": 1,
        "shots": 1,
        "status": "DONE",
        "success": true
    }, {
        "data": {
            "snapshots": {
                "0": {
                    "quantum_state": [[[0.7071067811865476, 0.0], [0.5, -0.4999999999999999]]]
                }
            },
            "time_taken": 1.7e-05
        },
        "name": "h(direct) tdg(u1)",
        "seed": 1,
        "shots": 1,
        "status": "DONE",
        "success": true
    }, {
        "data": {
            "snapshots": {
                "0": {
                    "quantum_state": [[[0.7071067811865476, 0.0], [0.4999999999999999, -0.4999999999999999]]]
                }
            },
            "time_taken": 0.000184
        },
        "name": "h(direct) tdg(direct)",
        "seed": 1,
        "shots": 1,
        "status": "DONE",
        "success": true
    }],
    "status": "COMPLETED",
    "success": true,
    "time_taken": 0.001206
}
