{
    "backend": "local_qiskit_simulator",
    "id": "system_test_2",
    "result": [{
            "data": {
                "counts": {
                    "0 00 0 0 0 00 000 0 0 0 000001": 1,
                    "0 00 0 0 0 00 000 0 0 0 010000": 1,
                    "0 00 0 0 0 00 000 0 0 0 100001": 2,
                    "0 00 0 0 0 00 000 0 0 0 110000": 1,
                    "0 00 0 0 0 00 000 0 1 0 010000": 1,
                    "0 00 0 0 0 00 000 0 1 0 010001": 1,
                    "0 00 0 0 0 00 000 0 1 0 100000": 2,
                    "0 00 0 0 0 00 000 0 1 0 100001": 1
                },
                "time_taken": 0.472876119
            },
            "name": "circuit_1",
            "noise_params": {
                "U": {
                    "U_error": [[[1.0, 0.0], [0.0, 0.0]], [[0.0, 0.0], [-1.0, 0.0]]],
                    "gate_time": 2.0,
                    "p_pauli": [0.37, 0.29, 0.21, 0.13]
                },
                "id": {
                    "U_error": [[[0.0, 0.0], [1.0, 0.0]], [[1.0, 0.0], [0.0, 0.0]]],
                    "gate_time": 0.3,
                    "p_pauli": [0.175, 0.325, 0.475, 0.025]
                }
            },
            "seed": 1,
            "shots": 10,
            "status": "DONE",
            "success": true,
            "threads_shot": 2
        }],
    "simulator": "qubit",
    "status": "COMPLETED",
    "success": true,
    "time_taken": 0.472908936
}
