{
    "backend": "local_qasm_simulator_cpp",
    "cpp_simulator_kernel": "qasm_simulator_cpp",
    "id": "test_measure_opt",
    "result": [{
        "data": {
            "counts": {
                "00": 1000
            },
            "snapshots": {
                "0": {
                    "quantum_state": [[[1.0, 0.0], [0.0, 0.0], [0.0, 0.0], [0.0, 0.0]]]
                }
            },
            "time_taken": 0.0013900000000000002
        },
        "name": "measure (opt)",
        "seed": 1,
        "shots": 1000,
        "status": "DONE",
        "success": true
    }, {
        "data": {
            "counts": {
                "01": 1000
            },
            "snapshots": {
                "0": {
                    "quantum_state": [[[0.0, 0.0], [1.0, 0.0], [0.0, 0.0], [0.0, 0.0]]]
                }
            },
            "time_taken": 0.0015170000000000001
        },
        "name": "x0 measure (opt)",
        "seed": 1,
        "shots": 1000,
        "status": "DONE",
        "success": true
    }, {
        "data": {
            "counts": {
                "10": 1000
            },
            "snapshots": {
                "0": {
                    "quantum_state": [[[0.0, 0.0], [0.0, 0.0], [1.0, 0.0], [0.0, 0.0]]]
                }
            },
            "time_taken": 0.00125
        },
        "name": "x1 measure (opt)",
        "seed": 1,
        "shots": 1000,
        "status": "DONE",
        "success": true
    }, {
        "data": {
            "counts": {
                "11": 1000
            },
            "snapshots": {
                "0": {
                    "quantum_state": [[[0.0, 0.0], [0.0, 0.0], [0.0, 0.0], [1.0, 0.0]]]
                }
            },
            "time_taken": 0.00118
        },
        "name": "x0 x1 measure (opt)",
        "seed": 1,
        "shots": 1000,
        "status": "DONE",
        "success": true
    }, {
        "data": {
            "counts": {
                "01": 1000
            },
            "snapshots": {
                "0": {
                    "quantum_state": [[[0.0, 0.0], [0.0, 1.0], [0.0, 0.0], [0.0, 0.0]]]
                }
            },
            "time_taken": 0.001193
        },
        "name": "y0 measure (opt)",
        "seed": 1,
        "shots": 1000,
        "status": "DONE",
        "success": true
    }, {
        "data": {
            "counts": {
                "10": 1000
            },
            "snapshots": {
                "0": {
                    "quantum_state": [[[0.0, 0.0], [0.0, 0.0], [0.0, 1.0], [0.0, 0.0]]]
                }
            },
            "time_taken": 0.001276
        },
        "name": "y1 measure (opt)",
        "seed": 1,
        "shots": 1000,
        "status": "DONE",
        "success": true
    }, {
        "data": {
            "counts": {
                "11": 1000
            },
            "snapshots": {
                "0": {
                    "quantum_state": [[[0.0, 0.0], [0.0, 0.0], [0.0, 0.0], [-1.0, 0.0]]]
                }
            },
            "time_taken": 0.0020250000000000003
        },
        "name": "y0 y1 measure (opt)",
        "seed": 1,
        "shots": 1000,
        "status": "DONE",
        "success": true
    }, {
        "data": {
            "counts": {
                "00": 518,
                "01": 482
            },
            "snapshots": {
                "0": {
                    "quantum_state": [[[0.7071067811865476, 0.0], [0.7071067811865475, 0.0], [0.0, 0.0], [0.0, 0.0]]]
                }
            },
            "time_taken": 0.001445
        },
        "name": "h0 measure (opt)",
        "seed": 1,
        "shots": 1000,
        "status": "DONE",
        "success": true
    }, {
        "data": {
            "counts": {
                "00": 518,
                "10": 482
            },
            "snapshots": {
                "0": {
                    "quantum_state": [[[0.7071067811865476, 0.0], [0.0, 0.0], [0.7071067811865475, 0.0], [0.0, 0.0]]]
                }
            },
            "time_taken": 0.001796
        },
        "name": "h1 measure (opt)",
        "seed": 1,
        "shots": 1000,
        "status": "DONE",
        "success": true
    }, {
        "data": {
            "counts": {
                "00": 272,
                "01": 246,
                "10": 241,
                "11": 241
            },
            "snapshots": {
                "0": {
                    "quantum_state": [[[0.5000000000000001, 0.0], [0.5, 0.0], [0.5, 0.0], [0.4999999999999999, 0.0]]]
                }
            },
            "time_taken": 0.002262
        },
        "name": "h0 h1 measure (opt)",
        "seed": 1,
        "shots": 1000,
        "status": "DONE",
        "success": true
    }, {
        "data": {
            "counts": {
                "00": 518,
                "11": 482
            },
            "snapshots": {
                "0": {
                    "quantum_state": [[[0.7071067811865476, 0.0], [0.0, 0.0], [0.0, 0.0], [0.7071067811865475, 0.0]]]
                }
            },
            "time_taken": 0.00136
        },
        "name": "bell measure (opt)",
        "seed": 1,
        "shots": 1000,
        "status": "DONE",
        "success": true
    }],
    "status": "COMPLETED",
    "success": true,
    "time_taken": 0.016975
}
